

> admin_panel@0.1.0 build /Users/srini/Desktop/Projects/MERN_Stack_Projects/bus_journey/apps/admin_panel
> cross-env NODE_ENV=production react-app-rewired build

(node:13448) [DEP0176] DeprecationWarning: fs.F_OK is deprecated, use fs.constants.F_OK instead
(Use `node --trace-deprecation ...` to show where the warning was created)
Creating an optimized production build...

[1m[33mwarn[39m[22m - The class `ease-[cubic-bezier(0.34,1.2,0.64,1)]` is ambiguous and matches multiple utilities.
[1m[33mwarn[39m[22m - If this is content and not a class, replace it with `ease-&lsqb;cubic-bezier(0.34,1.2,0.64,1)&rsqb;` to silence this warning.
[33mCompiled with warnings.[39m
[33m[39m
[eslint] 
src/app/components/layout/sidebar-context.tsx
  [1mLine 44:50:[22m  Replace `·readStored(SIDEBAR_OPEN_KEY,·true)` with `⏎····readStored(SIDEBAR_OPEN_KEY,·true),⏎··`    [33m[4mprettier/prettier[24m[39m
  [1mLine 46:50:[22m  Replace `·readStored(SIDEBAR_DARK_KEY,·false)` with `⏎····readStored(SIDEBAR_DARK_KEY,·false),⏎··`  [33m[4mprettier/prettier[24m[39m

src/app/components/layout/sidebar/Sidebar.tsx
  [1mLine 142:11:[22m  Replace `·className="premium-sidebar-glow·pointer-events-none·absolute·inset-0"·aria-hidden` with `⏎········className="premium-sidebar-glow·pointer-events-none·absolute·inset-0"⏎········aria-hidden⏎·····`        [33m[4mprettier/prettier[24m[39m
  [1mLine 143:11:[22m  Replace `·className="premium-sidebar-mesh·pointer-events-none·absolute·inset-0"·aria-hidden` with `⏎········className="premium-sidebar-mesh·pointer-events-none·absolute·inset-0"⏎········aria-hidden⏎·····`        [33m[4mprettier/prettier[24m[39m
  [1mLine 199:13:[22m  Replace `·className="premium-sidebar-glow·pointer-events-none·absolute·inset-0"·aria-hidden` with `⏎··········className="premium-sidebar-glow·pointer-events-none·absolute·inset-0"⏎··········aria-hidden⏎·······`  [33m[4mprettier/prettier[24m[39m
  [1mLine 200:13:[22m  Replace `·className="premium-sidebar-mesh·pointer-events-none·absolute·inset-0"·aria-hidden` with `⏎··········className="premium-sidebar-mesh·pointer-events-none·absolute·inset-0"⏎··········aria-hidden⏎·······`  [33m[4mprettier/prettier[24m[39m

src/app/components/layout/sidebar/SidebarBrand.tsx
  [1mLine 15:39:[22m  Replace `·collapsed,·isLoading·` with `⏎··collapsed,⏎··isLoading,⏎`  [33m[4mprettier/prettier[24m[39m

src/app/components/layout/sidebar/SidebarItem.tsx
  [1mLine 47:11:[22m   Delete `··`                                                                                                                                                                                                                                                                     [33m[4mprettier/prettier[24m[39m
  [1mLine 48:1:[22m    Delete `··`                                                                                                                                                                                                                                                                     [33m[4mprettier/prettier[24m[39m
  [1mLine 52:21:[22m   Insert `⏎·······`                                                                                                                                                                                                                                                               [33m[4mprettier/prettier[24m[39m
  [1mLine 113:16:[22m  Replace `·className={cn(isActive·?·'text-white'·:·'text-white/65·group-hover:text-white/90')}` with `⏎············className={cn(⏎··············isActive⏎················?·'text-white'⏎················:·'text-white/65·group-hover:text-white/90',⏎············)}⏎··········`  [33m[4mprettier/prettier[24m[39m
  [1mLine 120:14:[22m  Replace `·className={cn('relative·z-[1]',·collapsed·&&·'absolute·right-1·top-1')}` with `⏎··········className={cn(⏎············'relative·z-[1]',⏎············collapsed·&&·'absolute·right-1·top-1',⏎··········)}⏎········`                                                      [33m[4mprettier/prettier[24m[39m

src/app/components/layout/sidebar/SidebarSkeleton.tsx
  [1mLine 13:21:[22m  Replace `'flex·flex-1·flex-col·gap-3·px-3·py-2',·collapsed·&&·'items-center·px-2'` with `⏎········'flex·flex-1·flex-col·gap-3·px-3·py-2',⏎········collapsed·&&·'items-center·px-2',⏎······`  [33m[4mprettier/prettier[24m[39m

src/app/components/layout/sidebar/use-sidebar-filter.ts
  [1mLine 18:29:[22m  Replace `⏎············item.title,⏎············group.label,⏎············...(item.keywords·??·[]),⏎··········` with `item.title,·group.label,·...(item.keywords·??·[])`  [33m[4mprettier/prettier[24m[39m

src/app/components/ui/button.tsx
  [1mLine 54:10:[22m  Delete `⏎···`  [33m[4mprettier/prettier[24m[39m

src/app/components/ui/sheet.tsx
  [1mLine 4:10:[22m  'X' is defined but never used  [33m[4m@typescript-eslint/no-unused-vars[24m[39m

src/app/components/ui/skeleton.tsx
  [1mLine 9:21:[22m  Replace `⏎········'animate-pulse·rounded-2xl·bg-white/10',⏎········className,⏎······` with `'animate-pulse·rounded-2xl·bg-white/10',·className`  [33m[4mprettier/prettier[24m[39m

src/app/pages/Dashboard/index.tsx
  [1mLine 14:27:[22m  Replace `⏎············className="size-8·text-white"⏎············strokeWidth={1.5}⏎·········` with `·className="size-8·text-white"·strokeWidth={1.5}`  [33m[4mprettier/prettier[24m[39m

src/app/pages/Login/components/LoginForm.tsx
  [1mLine 73:9:[22m    Insert `··`                                                                                                                                                                                                                   [33m[4mprettier/prettier[24m[39m
  [1mLine 74:1:[22m    Insert `··`                                                                                                                                                                                                                   [33m[4mprettier/prettier[24m[39m
  [1mLine 75:11:[22m   Insert `··`                                                                                                                                                                                                                   [33m[4mprettier/prettier[24m[39m
  [1mLine 76:1:[22m    Replace `··········` with `············`                                                                                                                                                                                      [33m[4mprettier/prettier[24m[39m
  [1mLine 77:9:[22m    Insert `··`                                                                                                                                                                                                                   [33m[4mprettier/prettier[24m[39m
  [1mLine 78:1:[22m    Insert `··`                                                                                                                                                                                                                   [33m[4mprettier/prettier[24m[39m
  [1mLine 79:1:[22m    Insert `··`                                                                                                                                                                                                                   [33m[4mprettier/prettier[24m[39m
  [1mLine 80:13:[22m   Insert `··`                                                                                                                                                                                                                   [33m[4mprettier/prettier[24m[39m
  [1mLine 81:1:[22m    Insert `··`                                                                                                                                                                                                                   [33m[4mprettier/prettier[24m[39m
  [1mLine 83:11:[22m   Insert `··`                                                                                                                                                                                                                   [33m[4mprettier/prettier[24m[39m
  [1mLine 84:1:[22m    Replace `············<LoginEmailField⏎··············register={register}⏎··············errors={errors}⏎··············isActive⏎···········` with `··············<LoginEmailField·register={register}·errors={errors}·isActive`  [33m[4mprettier/prettier[24m[39m
  [1mLine 89:11:[22m   Insert `··`                                                                                                                                                                                                                   [33m[4mprettier/prettier[24m[39m
  [1mLine 90:1:[22m    Insert `··`                                                                                                                                                                                                                   [33m[4mprettier/prettier[24m[39m
  [1mLine 91:15:[22m   Insert `··`                                                                                                                                                                                                                   [33m[4mprettier/prettier[24m[39m
  [1mLine 92:1:[22m    Replace `··············` with `················`                                                                                                                                                                              [33m[4mprettier/prettier[24m[39m
  [1mLine 93:15:[22m   Insert `··`                                                                                                                                                                                                                   [33m[4mprettier/prettier[24m[39m
  [1mLine 94:1:[22m    Insert `··`                                                                                                                                                                                                                   [33m[4mprettier/prettier[24m[39m
  [1mLine 95:1:[22m    Insert `··`                                                                                                                                                                                                                   [33m[4mprettier/prettier[24m[39m
  [1mLine 96:11:[22m   Insert `··`                                                                                                                                                                                                                   [33m[4mprettier/prettier[24m[39m
  [1mLine 98:1:[22m    Insert `··`                                                                                                                                                                                                                   [33m[4mprettier/prettier[24m[39m
  [1mLine 99:13:[22m   Insert `··`                                                                                                                                                                                                                   [33m[4mprettier/prettier[24m[39m
  [1mLine 100:1:[22m   Replace `············` with `··············`                                                                                                                                                                                  [33m[4mprettier/prettier[24m[39m
  [1mLine 101:1:[22m   Insert `··`                                                                                                                                                                                                                   [33m[4mprettier/prettier[24m[39m
  [1mLine 102:1:[22m   Insert `··`                                                                                                                                                                                                                   [33m[4mprettier/prettier[24m[39m
  [1mLine 103:1:[22m   Insert `··`                                                                                                                                                                                                                   [33m[4mprettier/prettier[24m[39m
  [1mLine 105:11:[22m  Insert `··`                                                                                                                                                                                                                   [33m[4mprettier/prettier[24m[39m
  [1mLine 107:11:[22m  Insert `··`                                                                                                                                                                                                                   [33m[4mprettier/prettier[24m[39m
  [1mLine 108:1:[22m   Insert `··`                                                                                                                                                                                                                   [33m[4mprettier/prettier[24m[39m

src/app/pages/Login/hooks/useLoginForm.ts
  [1mLine 92:19:[22m   Insert `⏎·······`                                                                                                               [33m[4mprettier/prettier[24m[39m
  [1mLine 95:6:[22m    React Hook useEffect has a missing dependency: 'clearActivationTokenFromUrl'. Either include it or remove the dependency array  [33m[4mreact-hooks/exhaustive-deps[24m[39m
  [1mLine 107:34:[22m  Replace `⏎······.toLowerCase()⏎······` with `.toLowerCase()`                                                                    [33m[4mprettier/prettier[24m[39m
  [1mLine 121:6:[22m   React Hook useEffect has a missing dependency: 'clearActivationTokenFromUrl'. Either include it or remove the dependency array  [33m[4mreact-hooks/exhaustive-deps[24m[39m
  [1mLine 163:17:[22m  Delete `⏎···`                                                                                                                   [33m[4mprettier/prettier[24m[39m

src/app/slice/index.ts
  [1mLine 90:76:[22m  Replace `token` with `⏎··········token,⏎········`  [33m[4mprettier/prettier[24m[39m

Search for the [4m[33mkeywords[39m[24m to learn more about each warning.
To ignore, add [36m// eslint-disable-next-line[39m to the line before.

File sizes after gzip:

  241.46 kB  [2mbuild/static/js/[22m[36mmain.36b3d856.js[39m
  27.99 kB   [2mbuild/static/js/[22m[36m847.c48ce6fa.chunk.js[39m
  24.35 kB   [2mbuild/static/css/[22m[36m847.10ce2bdb.chunk.css[39m
  11.91 kB   [2mbuild/static/css/[22m[36mmain.794caf25.css[39m
  5.6 kB     [2mbuild/static/js/[22m[36m465.21b5de99.chunk.js[39m
  1.72 kB    [2mbuild/static/js/[22m[36m240.c0466976.chunk.js[39m
  779 B      [2mbuild/static/js/[22m[36m339.fb415601.chunk.js[39m
  538 B      [2mbuild/static/js/[22m[36m228.36e78ca4.chunk.js[39m

The project was built assuming it is hosted at [32m/[39m.
You can control this with the [32mhomepage[39m field in your [36mpackage.json[39m.

The [36mbuild[39m folder is ready to be deployed.
You may serve it with a static server:

  [36myarn[39m global add serve
  [36mserve[39m -s build

Find out more about deployment here:

  [33mhttps://cra.link/deployment[39m

